store/gameStore.ts(171,18): error TS7006: Parameter 'choice' implicitly has an 'any' type.
store/gameStore.ts(174,30): error TS7006: Parameter 'c' implicitly has an 'any' type.
store/gameStore.ts(175,30): error TS7006: Parameter 'selectedId' implicitly has an 'any' type.
store/gameStore.ts(184,30): error TS7006: Parameter 'card' implicitly has an 'any' type.
store/gameStore.ts(188,30): error TS7006: Parameter 'targetId' implicitly has an 'any' type.
store/gameStore.ts(215,48): error TS7006: Parameter 'id' implicitly has an 'any' type.
store/gameStore.ts(222,224): error TS7006: Parameter 'choice' implicitly has an 'any' type.
store/gameStore.ts(230,22): error TS7006: Parameter 'c' implicitly has an 'any' type.
store/gameStore.ts(231,22): error TS7006: Parameter 'tid' implicitly has an 'any' type.
store/gameStore.ts(232,70): error TS7006: Parameter 'v' implicitly has an 'any' type.
store/gameStore.ts(232,73): error TS7006: Parameter 'i' implicitly has an 'any' type.
store/gameStore.ts(232,107): error TS7006: Parameter 'i' implicitly has an 'any' type.
store/gameStore.ts(234,88): error TS7006: Parameter 't' implicitly has an 'any' type.
store/gameStore.ts(234,91): error TS7006: Parameter 'i' implicitly has an 'any' type.
store/gameStore.ts(234,148): error TS7006: Parameter 't' implicitly has an 'any' type.
store/gameStore.ts(234,151): error TS7006: Parameter 'i' implicitly has an 'any' type.
store/gameStore.ts(264,56): error TS7006: Parameter 'id' implicitly has an 'any' type.
store/gameStore.ts(267,237): error TS7006: Parameter 'choice' implicitly has an 'any' type.
store/gameStore.ts(273,34): error TS7006: Parameter 'c' implicitly has an 'any' type.
store/gameStore.ts(274,34): error TS7006: Parameter 'tid' implicitly has an 'any' type.
store/gameStore.ts(275,82): error TS7006: Parameter 'v' implicitly has an 'any' type.
store/gameStore.ts(275,85): error TS7006: Parameter 'i' implicitly has an 'any' type.
store/gameStore.ts(275,119): error TS7006: Parameter 'i' implicitly has an 'any' type.
store/gameStore.ts(277,100): error TS7006: Parameter 't' implicitly has an 'any' type.
store/gameStore.ts(277,103): error TS7006: Parameter 'i' implicitly has an 'any' type.
store/gameStore.ts(277,160): error TS7006: Parameter 't' implicitly has an 'any' type.
store/gameStore.ts(277,163): error TS7006: Parameter 'i' implicitly has an 'any' type.
store/gameStore.ts(305,52): error TS7006: Parameter 'id' implicitly has an 'any' type.
store/gameStore.ts(307,172): error TS7006: Parameter 'choice' implicitly has an 'any' type.
store/gameStore.ts(316,30): error TS7006: Parameter 'c' implicitly has an 'any' type.
store/gameStore.ts(320,30): error TS7006: Parameter 'tid' implicitly has an 'any' type.
store/gameStore.ts(349,170): error TS7006: Parameter 'choice' implicitly has an 'any' type.
store/gameStore.ts(355,26): error TS7006: Parameter 'c' implicitly has an 'any' type.
store/gameStore.ts(356,26): error TS7006: Parameter 'id' implicitly has an 'any' type.
store/gameStore.ts(378,181): error TS7006: Parameter 'choice' implicitly has an 'any' type.
store/gameStore.ts(465,178): error TS7006: Parameter 'choice' implicitly has an 'any' type.
store/gameStore.ts(469,26): error TS7006: Parameter 'c' implicitly has an 'any' type.
store/gameStore.ts(470,26): error TS7006: Parameter 'id' implicitly has an 'any' type.
store/gameStore.ts(498,51): error TS7006: Parameter 'id' implicitly has an 'any' type.
store/gameStore.ts(499,46): error TS7006: Parameter 'id' implicitly has an 'any' type.
store/gameStore.ts(503,170): error TS7006: Parameter 'choice' implicitly has an 'any' type.
store/gameStore.ts(505,66): error TS7006: Parameter 'v' implicitly has an 'any' type.
store/gameStore.ts(505,69): error TS7006: Parameter 'i' implicitly has an 'any' type.
store/gameStore.ts(505,103): error TS7006: Parameter 'i' implicitly has an 'any' type.
store/gameStore.ts(507,84): error TS7006: Parameter 't' implicitly has an 'any' type.
store/gameStore.ts(507,87): error TS7006: Parameter 'i' implicitly has an 'any' type.
store/gameStore.ts(507,144): error TS7006: Parameter 't' implicitly has an 'any' type.
store/gameStore.ts(507,147): error TS7006: Parameter 'i' implicitly has an 'any' type.
store/gameStore.ts(531,171): error TS7006: Parameter 'choice' implicitly has an 'any' type.
store/gameStore.ts(535,26): error TS7006: Parameter 'c' implicitly has an 'any' type.
store/gameStore.ts(539,26): error TS7006: Parameter 'tid' implicitly has an 'any' type.
store/gameStore.ts(557,167): error TS7006: Parameter 'choice' implicitly has an 'any' type.
store/gameStore.ts(560,62): error TS7006: Parameter 'id' implicitly has an 'any' type.
store/gameStore.ts(571,26): error TS7006: Parameter 'c' implicitly has an 'any' type.
store/gameStore.ts(572,26): error TS7006: Parameter 'discardId' implicitly has an 'any' type.
store/gameStore.ts(591,172): error TS7006: Parameter 'choice' implicitly has an 'any' type.
store/gameStore.ts(594,26): error TS7006: Parameter 'c' implicitly has an 'any' type.
store/gameStore.ts(595,26): error TS7006: Parameter 'id' implicitly has an 'any' type.
store/gameStore.ts(612,170): error TS7006: Parameter 'choice' implicitly has an 'any' type.
store/gameStore.ts(615,26): error TS7006: Parameter 'c' implicitly has an 'any' type.
store/gameStore.ts(620,26): error TS7006: Parameter 'id' implicitly has an 'any' type.
store/gameStore.ts(639,168): error TS7006: Parameter 'choice' implicitly has an 'any' type.
store/gameStore.ts(642,26): error TS7006: Parameter 'c' implicitly has an 'any' type.
store/gameStore.ts(643,26): error TS7006: Parameter 'tid' implicitly has an 'any' type.
store/gameStore.ts(651,34): error TS7006: Parameter 'c' implicitly has an 'any' type.
store/gameStore.ts(652,34): error TS7006: Parameter 'deckId' implicitly has an 'any' type.
store/gameStore.ts(653,82): error TS7006: Parameter 'v' implicitly has an 'any' type.
store/gameStore.ts(653,85): error TS7006: Parameter 'i' implicitly has an 'any' type.
store/gameStore.ts(653,119): error TS7006: Parameter 'i' implicitly has an 'any' type.
store/gameStore.ts(655,100): error TS7006: Parameter 't' implicitly has an 'any' type.
store/gameStore.ts(655,103): error TS7006: Parameter 'i' implicitly has an 'any' type.
store/gameStore.ts(655,160): error TS7006: Parameter 't' implicitly has an 'any' type.
store/gameStore.ts(655,163): error TS7006: Parameter 'i' implicitly has an 'any' type.
store/gameStore.ts(684,172): error TS7006: Parameter 'choice' implicitly has an 'any' type.
store/gameStore.ts(689,26): error TS7006: Parameter 'c' implicitly has an 'any' type.
store/gameStore.ts(696,26): error TS7006: Parameter 'tid1' implicitly has an 'any' type.
store/gameStore.ts(698,34): error TS7006: Parameter 'c' implicitly has an 'any' type.
store/gameStore.ts(699,34): error TS7006: Parameter 'tid2' implicitly has an 'any' type.
store/gameStore.ts(725,170): error TS7006: Parameter 'choice' implicitly has an 'any' type.
store/gameStore.ts(767,172): error TS7006: Parameter 'choice' implicitly has an 'any' type.
store/gameStore.ts(769,66): error TS7006: Parameter 'v' implicitly has an 'any' type.
store/gameStore.ts(769,69): error TS7006: Parameter 'i' implicitly has an 'any' type.
store/gameStore.ts(769,103): error TS7006: Parameter 'i' implicitly has an 'any' type.
store/gameStore.ts(771,84): error TS7006: Parameter 't' implicitly has an 'any' type.
store/gameStore.ts(771,87): error TS7006: Parameter 'i' implicitly has an 'any' type.
store/gameStore.ts(771,144): error TS7006: Parameter 't' implicitly has an 'any' type.
store/gameStore.ts(771,147): error TS7006: Parameter 'i' implicitly has an 'any' type.
store/gameStore.ts(790,182): error TS7006: Parameter 'choice' implicitly has an 'any' type.
store/gameStore.ts(888,173): error TS7006: Parameter 'choice' implicitly has an 'any' type.
store/gameStore.ts(986,168): error TS7006: Parameter 'choice' implicitly has an 'any' type.
store/gameStore.ts(994,26): error TS7006: Parameter 'c' implicitly has an 'any' type.
store/gameStore.ts(995,26): error TS7006: Parameter 'costId' implicitly has an 'any' type.
store/gameStore.ts(1001,55): error TS7006: Parameter 'c' implicitly has an 'any' type.
store/gameStore.ts(1001,89): error TS7006: Parameter 'tid' implicitly has an 'any' type.
store/gameStore.ts(1020,166): error TS7006: Parameter 'choice' implicitly has an 'any' type.
store/gameStore.ts(1024,26): error TS7006: Parameter 'card' implicitly has an 'any' type.
store/gameStore.ts(1025,26): error TS7006: Parameter 'selectedId' implicitly has an 'any' type.
store/gameStore.ts(1042,25): error TS7006: Parameter 'id' implicitly has an 'any' type.
store/gameStore.ts(1043,22): error TS7006: Parameter 'id' implicitly has an 'any' type.
store/gameStore.ts(1054,172): error TS7006: Parameter 'choice' implicitly has an 'any' type.
store/gameStore.ts(1056,106): error TS7006: Parameter 'fusionId' implicitly has an 'any' type.
store/gameStore.ts(1062,59): error TS7006: Parameter 'id' implicitly has an 'any' type.
store/gameStore.ts(1063,64): error TS7006: Parameter 'id' implicitly has an 'any' type.
store/gameStore.ts(1075,30): error TS7006: Parameter 'c' implicitly has an 'any' type.
store/gameStore.ts(1080,30): error TS7006: Parameter 'mat1' implicitly has an 'any' type.
store/gameStore.ts(1087,38): error TS7006: Parameter 'c' implicitly has an 'any' type.
store/gameStore.ts(1102,38): error TS7006: Parameter 'mat2' implicitly has an 'any' type.
store/gameStore.ts(1119,86): error TS7006: Parameter 'v' implicitly has an 'any' type.
store/gameStore.ts(1119,89): error TS7006: Parameter 'i' implicitly has an 'any' type.
store/gameStore.ts(1119,153): error TS7006: Parameter 'i' implicitly has an 'any' type.
store/gameStore.ts(1121,111): error TS7006: Parameter 't' implicitly has an 'any' type.
store/gameStore.ts(1121,114): error TS7006: Parameter 'i' implicitly has an 'any' type.
store/gameStore.ts(1121,171): error TS7006: Parameter 't' implicitly has an 'any' type.
store/gameStore.ts(1121,174): error TS7006: Parameter 'i' implicitly has an 'any' type.
store/gameStore.ts(1148,163): error TS7006: Parameter 'choice' implicitly has an 'any' type.
store/gameStore.ts(1152,22): error TS7006: Parameter 'c' implicitly has an 'any' type.
store/gameStore.ts(1158,22): error TS7006: Parameter 'targetId' implicitly has an 'any' type.
store/gameStore.ts(1181,167): error TS7006: Parameter 'choice' implicitly has an 'any' type.
store/gameStore.ts(1201,170): error TS7006: Parameter 'choice' implicitly has an 'any' type.
store/gameStore.ts(1203,103): error TS7006: Parameter 'mid' implicitly has an 'any' type.
store/gameStore.ts(1203,184): error TS7006: Parameter 'matId' implicitly has an 'any' type.
store/gameStore.ts(1216,174): error TS7006: Parameter 'choice' implicitly has an 'any' type.
store/gameStore.ts(1219,26): error TS7006: Parameter 'card' implicitly has an 'any' type.
store/gameStore.ts(1220,26): error TS7006: Parameter 'selectedId' implicitly has an 'any' type.
store/gameStore.ts(1238,174): error TS7006: Parameter 'choice' implicitly has an 'any' type.
store/gameStore.ts(1242,26): error TS7006: Parameter 'card' implicitly has an 'any' type.
store/gameStore.ts(1243,26): error TS7006: Parameter 'selectedId' implicitly has an 'any' type.
store/gameStore.ts(1259,206): error TS7006: Parameter 'choice' implicitly has an 'any' type.
store/gameStore.ts(1265,40): error TS7006: Parameter 'count' implicitly has an 'any' type.
store/gameStore.ts(1265,47): error TS7006: Parameter 'mats' implicitly has an 'any' type.
store/gameStore.ts(1270,98): error TS7006: Parameter 'mid' implicitly has an 'any' type.
store/gameStore.ts(1270,155): error TS7006: Parameter 'mid' implicitly has an 'any' type.
store/gameStore.ts(1272,62): error TS7006: Parameter 'm' implicitly has an 'any' type.
store/gameStore.ts(1292,22): error TS7006: Parameter 'choice' implicitly has an 'any' type.
store/gameStore.ts(1297,48): error TS7006: Parameter 'mid' implicitly has an 'any' type.
store/gameStore.ts(1298,34): error TS7006: Parameter 'matId' implicitly has an 'any' type.
store/gameStore.ts(1307,46): error TS7006: Parameter 'card' implicitly has an 'any' type.
store/gameStore.ts(1308,46): error TS7006: Parameter 'selectedId' implicitly has an 'any' type.
store/gameStore.ts(1340,41): error TS7006: Parameter 'id' implicitly has an 'any' type.
store/gameStore.ts(1350,18): error TS7006: Parameter 'choice' implicitly has an 'any' type.
store/gameStore.ts(1354,30): error TS7006: Parameter 'card' implicitly has an 'any' type.
store/gameStore.ts(1355,30): error TS7006: Parameter 'targetId' implicitly has an 'any' type.
store/gameStore.ts(1356,78): error TS7006: Parameter 'v' implicitly has an 'any' type.
store/gameStore.ts(1356,81): error TS7006: Parameter 'i' implicitly has an 'any' type.
store/gameStore.ts(1356,115): error TS7006: Parameter 'i' implicitly has an 'any' type.
store/gameStore.ts(1358,96): error TS7006: Parameter 't' implicitly has an 'any' type.
store/gameStore.ts(1358,99): error TS7006: Parameter 'i' implicitly has an 'any' type.
store/gameStore.ts(1358,156): error TS7006: Parameter 't' implicitly has an 'any' type.
store/gameStore.ts(1358,159): error TS7006: Parameter 'i' implicitly has an 'any' type.
store/gameStore.ts(1383,18): error TS7006: Parameter 'choice' implicitly has an 'any' type.
store/gameStore.ts(1389,38): error TS7006: Parameter 'id' implicitly has an 'any' type.
store/gameStore.ts(1390,41): error TS7006: Parameter 'card' implicitly has an 'any' type.
store/gameStore.ts(1391,38): error TS7006: Parameter 'card' implicitly has an 'any' type.
store/gameStore.ts(1396,30): error TS7006: Parameter 'fusionId' implicitly has an 'any' type.
store/gameStore.ts(1399,67): error TS7006: Parameter 'id' implicitly has an 'any' type.
store/gameStore.ts(1400,72): error TS7006: Parameter 'id' implicitly has an 'any' type.
store/gameStore.ts(1413,38): error TS7006: Parameter 'card' implicitly has an 'any' type.
store/gameStore.ts(1414,38): error TS7006: Parameter 'mat1Id' implicitly has an 'any' type.
store/gameStore.ts(1418,46): error TS7006: Parameter 'card' implicitly has an 'any' type.
store/gameStore.ts(1432,46): error TS7006: Parameter 'mat2Id' implicitly has an 'any' type.
store/gameStore.ts(1462,54): error TS7006: Parameter 't' implicitly has an 'any' type.
store/gameStore.ts(1462,57): error TS7006: Parameter 'i' implicitly has an 'any' type.
store/gameStore.ts(1479,54): error TS7006: Parameter 'zoneType' implicitly has an 'any' type.
store/gameStore.ts(1479,64): error TS7006: Parameter 'zoneIndex' implicitly has an 'any' type.
store/gameStore.ts(1507,18): error TS7006: Parameter 'choice' implicitly has an 'any' type.
store/gameStore.ts(1510,37): error TS7006: Parameter 'id' implicitly has an 'any' type.
store/gameStore.ts(1522,30): error TS7006: Parameter 'card' implicitly has an 'any' type.
store/gameStore.ts(1523,30): error TS7006: Parameter 'targetId' implicitly has an 'any' type.
store/gameStore.ts(1561,22): error TS7006: Parameter 'choice' implicitly has an 'any' type.
store/gameStore.ts(1633,175): error TS7006: Parameter 'choice' implicitly has an 'any' type.
store/gameStore.ts(1635,72): error TS7006: Parameter 'v' implicitly has an 'any' type.
store/gameStore.ts(1635,75): error TS7006: Parameter 'i' implicitly has an 'any' type.
store/gameStore.ts(1635,109): error TS7006: Parameter 'i' implicitly has an 'any' type.
store/gameStore.ts(1642,30): error TS7006: Parameter 'c' implicitly has an 'any' type.
store/gameStore.ts(1643,30): error TS7006: Parameter 'id' implicitly has an 'any' type.
store/gameStore.ts(1644,87): error TS7006: Parameter 't' implicitly has an 'any' type.
store/gameStore.ts(1644,90): error TS7006: Parameter 'i' implicitly has an 'any' type.
store/gameStore.ts(1644,150): error TS7006: Parameter 't' implicitly has an 'any' type.
store/gameStore.ts(1644,153): error TS7006: Parameter 'i' implicitly has an 'any' type.
store/gameStore.ts(1665,22): error TS7006: Parameter 'choice' implicitly has an 'any' type.
store/gameStore.ts(1668,74): error TS7006: Parameter 'v' implicitly has an 'any' type.
store/gameStore.ts(1668,77): error TS7006: Parameter 'i' implicitly has an 'any' type.
store/gameStore.ts(1668,111): error TS7006: Parameter 'i' implicitly has an 'any' type.
store/gameStore.ts(1670,92): error TS7006: Parameter 't' implicitly has an 'any' type.
store/gameStore.ts(1670,95): error TS7006: Parameter 'i' implicitly has an 'any' type.
store/gameStore.ts(1670,152): error TS7006: Parameter 't' implicitly has an 'any' type.
store/gameStore.ts(1670,155): error TS7006: Parameter 'i' implicitly has an 'any' type.
store/gameStore.ts(1674,42): error TS7006: Parameter 'c' implicitly has an 'any' type.
store/gameStore.ts(1675,42): error TS7006: Parameter 'tid' implicitly has an 'any' type.
store/gameStore.ts(1699,185): error TS7006: Parameter 'choice' implicitly has an 'any' type.
store/gameStore.ts(4990,24): error TS18048: 'snapshot.spellTrapZones' is possibly 'undefined'.
store/gameStore.ts(4991,24): error TS18048: 'snapshot.spellTrapZones' is possibly 'undefined'.
store/gameStore.ts(4992,17): error TS18048: 'snapshot.pendulumSummonCount' is possibly 'undefined'.
store/gameStore.ts(4999,13): error TS2322: Type 'number | undefined' is not assignable to type 'number'.
  Type 'undefined' is not assignable to type 'number'.
store/gameStore.ts(5057,5): error TS1117: An object literal cannot have multiple properties with the same name.
store/gameStore.ts(5079,5): error TS1117: An object literal cannot have multiple properties with the same name.
